#-----------------------------------------------------------
# Vivado v2020.2 (64-bit)
# SW Build 3064766 on Wed Nov 18 09:12:45 MST 2020
# IP Build 3064653 on Wed Nov 18 14:17:31 MST 2020
# Start of session at: Thu Dec 22 14:45:51 2022
# Process ID: 15136
# Current directory: D:/Projects/Vivado_Projects/13-CPU-backup
# Command line: vivado.exe -gui_launcher_event rodinguilauncherevent18476 D:\Projects\Vivado_Projects\13-CPU-backup\13-CPU-backup.xpr
# Log file: D:/Projects/Vivado_Projects/13-CPU-backup/vivado.log
# Journal file: D:/Projects/Vivado_Projects/13-CPU-backup\vivado.jou
#-----------------------------------------------------------
start_gui
open_project D:/Projects/Vivado_Projects/13-CPU-backup/13-CPU-backup.xpr
update_compile_order -fileset sources_1
launch_simulation
source cpu_batch_vlg_tst.tcl
run all
launch_runs synth_1 -jobs 4
wait_on_run synth_1
add_files -norecurse {D:/Projects/Vivado_Projects/13-CPU-backup/testdmem.v D:/Projects/Vivado_Projects/13-CPU-backup/testmem.v}
update_compile_order -fileset sources_1
export_ip_user_files -of_objects  [get_files D:/Projects/Vivado_Projects/13-CPU-backup/Adder8.v] -no_script -reset -force -quiet
remove_files  D:/Projects/Vivado_Projects/13-CPU-backup/Adder8.v
export_ip_user_files -of_objects  [get_files D:/Projects/Vivado_Projects/13-CPU-backup/cra8.v] -no_script -reset -force -quiet
remove_files  D:/Projects/Vivado_Projects/13-CPU-backup/cra8.v
export_ip_user_files -of_objects  [get_files D:/Projects/Vivado_Projects/13-CPU-backup/mem.v] -no_script -reset -force -quiet
remove_files  D:/Projects/Vivado_Projects/13-CPU-backup/mem.v
export_ip_user_files -of_objects  [get_files D:/Projects/Vivado_Projects/13-CPU-backup/CLA8.v] -no_script -reset -force -quiet
remove_files  D:/Projects/Vivado_Projects/13-CPU-backup/CLA8.v
export_ip_user_files -of_objects  [get_files D:/Projects/Vivado_Projects/13-CPU-backup/CLA4.v] -no_script -reset -force -quiet
remove_files  D:/Projects/Vivado_Projects/13-CPU-backup/CLA4.v
export_ip_user_files -of_objects  [get_files D:/Projects/Vivado_Projects/13-CPU-backup/fa.v] -no_script -reset -force -quiet
remove_files  D:/Projects/Vivado_Projects/13-CPU-backup/fa.v
export_ip_user_files -of_objects  [get_files D:/Projects/Vivado_Projects/13-CPU-backup/clu4.v] -no_script -reset -force -quiet
remove_files  D:/Projects/Vivado_Projects/13-CPU-backup/clu4.v
close_sim
launch_simulation
reset_run synth_1
launch_simulation
source cpu_batch_vlg_tst.tcl
run all
