#-----------------------------------------------------------
# Vivado v2020.2 (64-bit)
# SW Build 3064766 on Wed Nov 18 09:12:45 MST 2020
# IP Build 3064653 on Wed Nov 18 14:17:31 MST 2020
# Start of session at: Thu Dec 22 08:42:28 2022
# Process ID: 15088
# Current directory: D:/Projects/Vivado_Projects/13-cpu-novem
# Command line: vivado.exe -gui_launcher_event rodinguilauncherevent14612 D:\Projects\Vivado_Projects\13-cpu-novem\13-cpu-novem.xpr
# Log file: D:/Projects/Vivado_Projects/13-cpu-novem/vivado.log
# Journal file: D:/Projects/Vivado_Projects/13-cpu-novem\vivado.jou
#-----------------------------------------------------------
start_gui
open_project D:/Projects/Vivado_Projects/13-cpu-novem/13-cpu-novem.xpr
update_compile_order -fileset sources_1
launch_simulation
set_property is_enabled false [get_files  D:/Projects/Vivado_Projects/13-cpu-novem/cra8.v]
launch_simulation
update_compile_order -fileset sim_1
export_ip_user_files -of_objects  [get_files D:/Projects/Vivado_Projects/13-cpu-novem/cra8.v] -no_script -reset -force -quiet
remove_files  D:/Projects/Vivado_Projects/13-cpu-novem/cra8.v
launch_simulation
launch_simulation
source cpu_batch_vlg_tst.tcl
update_compile_order -fileset sources_1
relaunch_sim
close_sim
launch_simulation
launch_simulation
export_ip_user_files -of_objects  [get_files D:/Projects/Vivado_Projects/13-cpu-novem/InstrToImm.v] -no_script -reset -force -quiet
remove_files  D:/Projects/Vivado_Projects/13-cpu-novem/InstrToImm.v
add_files -norecurse D:/Projects/Vivado_Projects/13-cpu-novem/InstrToImm.v
update_compile_order -fileset sources_1
export_ip_user_files -of_objects  [get_files D:/Projects/Vivado_Projects/13-cpu-novem/mem.v] -no_script -reset -force -quiet
remove_files  D:/Projects/Vivado_Projects/13-cpu-novem/mem.v
export_ip_user_files -of_objects  [get_files D:/Projects/Vivado_Projects/13-cpu-novem/riscv-cpu.v] -no_script -reset -force -quiet
remove_files  D:/Projects/Vivado_Projects/13-cpu-novem/riscv-cpu.v
export_ip_user_files -of_objects  [get_files D:/Projects/Vivado_Projects/13-cpu-novem/d_reg8file.v] -no_script -reset -force -quiet
remove_files  D:/Projects/Vivado_Projects/13-cpu-novem/d_reg8file.v
export_ip_user_files -of_objects  [get_files D:/Projects/Vivado_Projects/13-cpu-novem/InstrToImm.v] -no_script -reset -force -quiet
remove_files  D:/Projects/Vivado_Projects/13-cpu-novem/InstrToImm.v
export_ip_user_files -of_objects  [get_files D:/Projects/Vivado_Projects/13-cpu-novem/ContrGen.v] -no_script -reset -force -quiet
remove_files  D:/Projects/Vivado_Projects/13-cpu-novem/ContrGen.v
export_ip_user_files -of_objects  [get_files D:/Projects/Vivado_Projects/13-cpu-novem/Adder8.v] -no_script -reset -force -quiet
remove_files  D:/Projects/Vivado_Projects/13-cpu-novem/Adder8.v
export_ip_user_files -of_objects  [get_files D:/Projects/Vivado_Projects/13-cpu-novem/ALU.v] -no_script -reset -force -quiet
remove_files  D:/Projects/Vivado_Projects/13-cpu-novem/ALU.v
export_ip_user_files -of_objects  [get_files D:/Projects/Vivado_Projects/13-cpu-novem/BranchCond.v] -no_script -reset -force -quiet
remove_files  D:/Projects/Vivado_Projects/13-cpu-novem/BranchCond.v
export_ip_user_files -of_objects  [get_files D:/Projects/Vivado_Projects/13-cpu-novem/dmem.v] -no_script -reset -force -quiet
remove_files  D:/Projects/Vivado_Projects/13-cpu-novem/dmem.v
export_ip_user_files -of_objects  [get_files D:/Projects/Vivado_Projects/13-cpu-novem/testmem.v] -no_script -reset -force -quiet
remove_files  D:/Projects/Vivado_Projects/13-cpu-novem/testmem.v
update_compile_order -fileset sources_1
update_compile_order -fileset sources_1
export_ip_user_files -of_objects  [get_files D:/Projects/Vivado_Projects/13-cpu-novem/32barrel.v] -no_script -reset -force -quiet
remove_files  D:/Projects/Vivado_Projects/13-cpu-novem/32barrel.v
export_ip_user_files -of_objects  [get_files D:/Projects/Vivado_Projects/13-cpu-novem/testdmem.v] -no_script -reset -force -quiet
remove_files  D:/Projects/Vivado_Projects/13-cpu-novem/testdmem.v
update_compile_order -fileset sources_1
update_compile_order -fileset sim_1
export_ip_user_files -of_objects  [get_files D:/Projects/Vivado_Projects/13-cpu-novem/CLA4.v] -no_script -reset -force -quiet
remove_files  D:/Projects/Vivado_Projects/13-cpu-novem/CLA4.v
export_ip_user_files -of_objects  [get_files D:/Projects/Vivado_Projects/13-cpu-novem/CLA8.v] -no_script -reset -force -quiet
remove_files  D:/Projects/Vivado_Projects/13-cpu-novem/CLA8.v
export_ip_user_files -of_objects  [get_files D:/Projects/Vivado_Projects/13-cpu-novem/clu4.v] -no_script -reset -force -quiet
remove_files  D:/Projects/Vivado_Projects/13-cpu-novem/clu4.v
export_ip_user_files -of_objects  [get_files D:/Projects/Vivado_Projects/13-cpu-novem/fa.v] -no_script -reset -force -quiet
remove_files  D:/Projects/Vivado_Projects/13-cpu-novem/fa.v
export_ip_user_files -of_objects  [get_files D:/Projects/Vivado_Projects/13-cpu-novem/cpu_batch.v] -no_script -reset -force -quiet
remove_files  -fileset sim_1 D:/Projects/Vivado_Projects/13-cpu-novem/cpu_batch.v
add_files -norecurse {D:/Projects/Vivado_Projects/13-cpu-novem/testdmem.v D:/Projects/Vivado_Projects/13-cpu-novem/riscv-cpu.v D:/Projects/Vivado_Projects/13-cpu-novem/ContrGen.v D:/Projects/Vivado_Projects/13-cpu-novem/testmem.v D:/Projects/Vivado_Projects/13-cpu-novem/d_reg8file.v D:/Projects/Vivado_Projects/13-cpu-novem/dmem.v D:/Projects/Vivado_Projects/13-cpu-novem/ALU.v D:/Projects/Vivado_Projects/13-cpu-novem/BranchCond.v D:/Projects/Vivado_Projects/13-cpu-novem/InstrToImm.v D:/Projects/Vivado_Projects/13-cpu-novem/32barrel.v}
update_compile_order -fileset sources_1
update_compile_order -fileset sources_1
set_property SOURCE_SET sources_1 [get_filesets sim_1]
add_files -fileset sim_1 -norecurse D:/Projects/Vivado_Projects/13-cpu-novem/cpu_batch.v
update_compile_order -fileset sim_1
update_compile_order -fileset sim_1
launch_simulation
add_files -norecurse D:/Projects/Vivado_Projects/13-cpu-novem/mem.v
update_compile_order -fileset sources_1
export_ip_user_files -of_objects  [get_files D:/Projects/Vivado_Projects/13-cpu-novem/mem.v] -no_script -reset -force -quiet
remove_files  D:/Projects/Vivado_Projects/13-cpu-novem/mem.v
update_compile_order -fileset sources_1
launch_simulation
launch_simulation
update_compile_order -fileset sources_1
update_compile_order -fileset sources_1
launch_simulation
launch_simulation
